2025-03-05 13:02:23 [restartedMain] INFO  com.accenture.Application - Starting Application using Java 21.0.5 with PID 19276 (C:\Users\tianhong.huang\IdeaProjects\location_de_vehicules\target\classes started by tianhong.huang in C:\Users\tianhong.huang\IdeaProjects\location_de_vehicules)
2025-03-05 13:02:23 [restartedMain] DEBUG com.accenture.Application - Running with Spring Boot v3.4.2, Spring v6.2.2
2025-03-05 13:02:23 [restartedMain] INFO  com.accenture.Application - No active profile set, falling back to 1 default profile: "default"
2025-03-05 13:02:36 [restartedMain] INFO  com.accenture.Application - Started Application in 14.918 seconds (process running for 19.532)
2025-03-05 13:02:45 [http-nio-8080-exec-2] INFO  c.a.c.utilisateur.ClientController - La modification des informations du client commence avec son email : jaqenClient@gmail.com
2025-03-05 13:05:45 [http-nio-8080-exec-4] INFO  c.a.c.utilisateur.ClientController - La modification des informations du client commence avec son email : jaqenClient@gmail.com
2025-03-05 13:05:54 [restartedMain] INFO  com.accenture.Application - Starting Application using Java 21.0.5 with PID 19276 (C:\Users\tianhong.huang\IdeaProjects\location_de_vehicules\target\classes started by tianhong.huang in C:\Users\tianhong.huang\IdeaProjects\location_de_vehicules)
2025-03-05 13:05:54 [restartedMain] DEBUG com.accenture.Application - Running with Spring Boot v3.4.2, Spring v6.2.2
2025-03-05 13:05:54 [restartedMain] INFO  com.accenture.Application - No active profile set, falling back to 1 default profile: "default"
2025-03-05 13:06:07 [restartedMain] INFO  com.accenture.Application - Starting Application using Java 21.0.5 with PID 19276 (C:\Users\tianhong.huang\IdeaProjects\location_de_vehicules\target\classes started by tianhong.huang in C:\Users\tianhong.huang\IdeaProjects\location_de_vehicules)
2025-03-05 13:06:07 [restartedMain] DEBUG com.accenture.Application - Running with Spring Boot v3.4.2, Spring v6.2.2
2025-03-05 13:06:07 [restartedMain] INFO  com.accenture.Application - No active profile set, falling back to 1 default profile: "default"
2025-03-05 13:06:09 [restartedMain] INFO  com.accenture.Application - Started Application in 2.024 seconds (process running for 231.826)
2025-03-05 13:06:12 [http-nio-8080-exec-2] INFO  c.a.c.utilisateur.ClientController - La modification des informations du client commence avec son email : jaqenClient@gmail.com
2025-03-05 14:38:49 [restartedMain] INFO  com.accenture.Application - Starting Application using Java 21.0.5 with PID 38980 (C:\Users\tianhong.huang\IdeaProjects\location_de_vehicules\target\classes started by tianhong.huang in C:\Users\tianhong.huang\IdeaProjects\location_de_vehicules)
2025-03-05 14:38:49 [restartedMain] DEBUG com.accenture.Application - Running with Spring Boot v3.4.2, Spring v6.2.2
2025-03-05 14:38:49 [restartedMain] INFO  com.accenture.Application - No active profile set, falling back to 1 default profile: "default"
2025-03-05 14:39:00 [restartedMain] INFO  com.accenture.Application - Started Application in 11.382 seconds (process running for 14.407)
2025-03-05 14:40:17 [http-nio-8080-exec-9] INFO  c.a.c.location.LocationController - L'ajoute de location commence avec l'email de client/admin : jaqenClient@gmail.com
2025-03-05 14:41:55 [restartedMain] INFO  com.accenture.Application - Starting Application using Java 21.0.5 with PID 40800 (C:\Users\tianhong.huang\IdeaProjects\location_de_vehicules\target\classes started by tianhong.huang in C:\Users\tianhong.huang\IdeaProjects\location_de_vehicules)
2025-03-05 14:41:55 [restartedMain] DEBUG com.accenture.Application - Running with Spring Boot v3.4.2, Spring v6.2.2
2025-03-05 14:41:55 [restartedMain] INFO  com.accenture.Application - No active profile set, falling back to 1 default profile: "default"
2025-03-05 14:42:03 [restartedMain] INFO  com.accenture.Application - Started Application in 8.908 seconds (process running for 10.185)
2025-03-05 14:42:10 [http-nio-8080-exec-2] INFO  c.a.c.location.LocationController - L'ajoute de location commence avec l'email de client/admin : jaqenClient@gmail.com
2025-03-05 14:48:41 [http-nio-8080-exec-6] INFO  c.a.c.vehicule.MotoController - L'ajoute de la moto commence avec sa marque : Wong Wong
2025-03-05 14:49:58 [http-nio-8080-exec-9] INFO  c.a.c.location.LocationController - L'ajoute de location commence avec l'email de client/admin : jaqenClient@gmail.com
2025-03-05 16:31:54 [restartedMain] INFO  com.accenture.Application - Starting Application using Java 21.0.5 with PID 40716 (C:\Users\tianhong.huang\IdeaProjects\location_de_vehicules\target\classes started by tianhong.huang in C:\Users\tianhong.huang\IdeaProjects\location_de_vehicules)
2025-03-05 16:31:54 [restartedMain] DEBUG com.accenture.Application - Running with Spring Boot v3.4.2, Spring v6.2.2
2025-03-05 16:31:54 [restartedMain] INFO  com.accenture.Application - No active profile set, falling back to 1 default profile: "default"
2025-03-05 16:32:24 [restartedMain] INFO  com.accenture.Application - Starting Application using Java 21.0.5 with PID 31168 (C:\Users\tianhong.huang\IdeaProjects\location_de_vehicules\target\classes started by tianhong.huang in C:\Users\tianhong.huang\IdeaProjects\location_de_vehicules)
2025-03-05 16:32:24 [restartedMain] DEBUG com.accenture.Application - Running with Spring Boot v3.4.2, Spring v6.2.2
2025-03-05 16:32:24 [restartedMain] INFO  com.accenture.Application - No active profile set, falling back to 1 default profile: "default"
2025-03-05 16:32:32 [restartedMain] INFO  com.accenture.Application - Started Application in 8.801 seconds (process running for 9.991)
2025-03-05 16:34:54 [restartedMain] INFO  com.accenture.Application - Starting Application using Java 21.0.5 with PID 8512 (C:\Users\tianhong.huang\IdeaProjects\location_de_vehicules\target\classes started by tianhong.huang in C:\Users\tianhong.huang\IdeaProjects\location_de_vehicules)
2025-03-05 16:34:54 [restartedMain] DEBUG com.accenture.Application - Running with Spring Boot v3.4.2, Spring v6.2.2
2025-03-05 16:34:54 [restartedMain] INFO  com.accenture.Application - No active profile set, falling back to 1 default profile: "default"
2025-03-05 16:35:23 [restartedMain] INFO  com.accenture.Application - Starting Application using Java 21.0.5 with PID 1568 (C:\Users\tianhong.huang\IdeaProjects\location_de_vehicules\target\classes started by tianhong.huang in C:\Users\tianhong.huang\IdeaProjects\location_de_vehicules)
2025-03-05 16:35:23 [restartedMain] DEBUG com.accenture.Application - Running with Spring Boot v3.4.2, Spring v6.2.2
2025-03-05 16:35:23 [restartedMain] INFO  com.accenture.Application - No active profile set, falling back to 1 default profile: "default"
2025-03-05 16:45:21 [restartedMain] INFO  com.accenture.Application - Starting Application using Java 21.0.5 with PID 30464 (C:\Users\tianhong.huang\IdeaProjects\location_de_vehicules\target\classes started by tianhong.huang in C:\Users\tianhong.huang\IdeaProjects\location_de_vehicules)
2025-03-05 16:45:21 [restartedMain] DEBUG com.accenture.Application - Running with Spring Boot v3.4.2, Spring v6.2.2
2025-03-05 16:45:21 [restartedMain] INFO  com.accenture.Application - No active profile set, falling back to 1 default profile: "default"
2025-03-05 16:45:33 [restartedMain] INFO  com.accenture.Application - Starting Application using Java 21.0.5 with PID 5148 (C:\Users\tianhong.huang\IdeaProjects\location_de_vehicules\target\classes started by tianhong.huang in C:\Users\tianhong.huang\IdeaProjects\location_de_vehicules)
2025-03-05 16:45:33 [restartedMain] DEBUG com.accenture.Application - Running with Spring Boot v3.4.2, Spring v6.2.2
2025-03-05 16:45:33 [restartedMain] INFO  com.accenture.Application - No active profile set, falling back to 1 default profile: "default"
2025-03-05 16:45:42 [restartedMain] INFO  com.accenture.Application - Started Application in 9.541 seconds (process running for 10.507)
2025-03-05 16:47:57 [restartedMain] INFO  com.accenture.Application - Starting Application using Java 21.0.5 with PID 31396 (C:\Users\tianhong.huang\IdeaProjects\location_de_vehicules\target\classes started by tianhong.huang in C:\Users\tianhong.huang\IdeaProjects\location_de_vehicules)
2025-03-05 16:47:57 [restartedMain] DEBUG com.accenture.Application - Running with Spring Boot v3.4.2, Spring v6.2.2
2025-03-05 16:47:57 [restartedMain] INFO  com.accenture.Application - No active profile set, falling back to 1 default profile: "default"
2025-03-05 16:48:05 [restartedMain] INFO  com.accenture.Application - Started Application in 7.915 seconds (process running for 8.789)
2025-03-05 16:50:48 [restartedMain] INFO  com.accenture.Application - Starting Application using Java 21.0.5 with PID 31568 (C:\Users\tianhong.huang\IdeaProjects\location_de_vehicules\target\classes started by tianhong.huang in C:\Users\tianhong.huang\IdeaProjects\location_de_vehicules)
2025-03-05 16:50:48 [restartedMain] DEBUG com.accenture.Application - Running with Spring Boot v3.4.2, Spring v6.2.2
2025-03-05 16:50:48 [restartedMain] INFO  com.accenture.Application - No active profile set, falling back to 1 default profile: "default"
2025-03-05 16:50:56 [restartedMain] INFO  com.accenture.Application - Started Application in 7.83 seconds (process running for 8.751)
2025-03-05 21:55:55 [restartedMain] INFO  com.accenture.Application - Starting Application using Java 21.0.5 with PID 31568 (C:\Users\tianhong.huang\IdeaProjects\location_de_vehicules\target\classes started by tianhong.huang in C:\Users\tianhong.huang\IdeaProjects\location_de_vehicules)
2025-03-05 21:55:55 [restartedMain] DEBUG com.accenture.Application - Running with Spring Boot v3.4.2, Spring v6.2.2
2025-03-05 21:55:55 [restartedMain] INFO  com.accenture.Application - No active profile set, falling back to 1 default profile: "default"
2025-03-05 21:56:13 [restartedMain] INFO  com.accenture.Application - Starting Application using Java 21.0.5 with PID 31568 (C:\Users\tianhong.huang\IdeaProjects\location_de_vehicules\target\classes started by tianhong.huang in C:\Users\tianhong.huang\IdeaProjects\location_de_vehicules)
2025-03-05 21:56:13 [restartedMain] DEBUG com.accenture.Application - Running with Spring Boot v3.4.2, Spring v6.2.2
2025-03-05 21:56:13 [restartedMain] INFO  com.accenture.Application - No active profile set, falling back to 1 default profile: "default"
2025-03-05 22:01:51 [restartedMain] INFO  com.accenture.Application - Starting Application using Java 21.0.5 with PID 31568 (C:\Users\tianhong.huang\IdeaProjects\location_de_vehicules\target\classes started by tianhong.huang in C:\Users\tianhong.huang\IdeaProjects\location_de_vehicules)
2025-03-05 22:01:51 [restartedMain] DEBUG com.accenture.Application - Running with Spring Boot v3.4.2, Spring v6.2.2
2025-03-05 22:01:51 [restartedMain] INFO  com.accenture.Application - No active profile set, falling back to 1 default profile: "default"
2025-03-05 22:02:11 [restartedMain] INFO  com.accenture.Application - Starting Application using Java 21.0.5 with PID 31568 (C:\Users\tianhong.huang\IdeaProjects\location_de_vehicules\target\classes started by tianhong.huang in C:\Users\tianhong.huang\IdeaProjects\location_de_vehicules)
2025-03-05 22:02:11 [restartedMain] DEBUG com.accenture.Application - Running with Spring Boot v3.4.2, Spring v6.2.2
2025-03-05 22:02:11 [restartedMain] INFO  com.accenture.Application - No active profile set, falling back to 1 default profile: "default"
2025-03-05 22:02:13 [restartedMain] INFO  com.accenture.Application - Started Application in 2.194 seconds (process running for 18686.002)
2025-03-05 22:03:47 [restartedMain] INFO  com.accenture.Application - Starting Application using Java 21.0.5 with PID 27772 (C:\Users\tianhong.huang\IdeaProjects\location_de_vehicules\target\classes started by tianhong.huang in C:\Users\tianhong.huang\IdeaProjects\location_de_vehicules)
2025-03-05 22:03:47 [restartedMain] DEBUG com.accenture.Application - Running with Spring Boot v3.4.2, Spring v6.2.2
2025-03-05 22:03:47 [restartedMain] INFO  com.accenture.Application - No active profile set, falling back to 1 default profile: "default"
2025-03-05 22:03:57 [restartedMain] INFO  com.accenture.Application - Started Application in 11.471 seconds (process running for 13.052)
2025-03-05 22:06:15 [http-nio-8080-exec-2] INFO  c.a.c.vehicule.VoitureController - L'ajoute d'une voiture commence avec sa marque : Wouf Wouf
2025-03-05 22:08:19 [http-nio-8080-exec-6] ERROR c.a.c.a.ApplicationControllerAdvice - Validation erreur : Validation failed for argument [1] in org.springframework.http.ResponseEntity<java.lang.Void> com.accenture.controller.location.LocationController.ajouter(java.security.Principal,com.accenture.service.dto.location.LocationRequestDto): [Field error in object 'locationRequestDto' on field 'kilometrage': rejected value [null]; codes [NotNull.locationRequestDto.kilometrage,NotNull.kilometrage,NotNull.java.lang.Integer,NotNull]; arguments [org.springframework.context.support.DefaultMessageSourceResolvable: codes [locationRequestDto.kilometrage,kilometrage]; arguments []; default message [kilometrage]]; default message [Kilometres parcours est obligatoire]] 
org.springframework.web.bind.MethodArgumentNotValidException: Validation failed for argument [1] in org.springframework.http.ResponseEntity<java.lang.Void> com.accenture.controller.location.LocationController.ajouter(java.security.Principal,com.accenture.service.dto.location.LocationRequestDto): [Field error in object 'locationRequestDto' on field 'kilometrage': rejected value [null]; codes [NotNull.locationRequestDto.kilometrage,NotNull.kilometrage,NotNull.java.lang.Integer,NotNull]; arguments [org.springframework.context.support.DefaultMessageSourceResolvable: codes [locationRequestDto.kilometrage,kilometrage]; arguments []; default message [kilometrage]]; default message [Kilometres parcours est obligatoire]] 
	at org.springframework.web.servlet.mvc.method.annotation.RequestResponseBodyMethodProcessor.resolveArgument(RequestResponseBodyMethodProcessor.java:159)
	at org.springframework.web.method.support.HandlerMethodArgumentResolverComposite.resolveArgument(HandlerMethodArgumentResolverComposite.java:122)
	at org.springframework.web.method.support.InvocableHandlerMethod.getMethodArgumentValues(InvocableHandlerMethod.java:226)
	at org.springframework.web.method.support.InvocableHandlerMethod.invokeForRequest(InvocableHandlerMethod.java:180)
	at org.springframework.web.servlet.mvc.method.annotation.ServletInvocableHandlerMethod.invokeAndHandle(ServletInvocableHandlerMethod.java:118)
	at org.springframework.web.servlet.mvc.method.annotation.RequestMappingHandlerAdapter.invokeHandlerMethod(RequestMappingHandlerAdapter.java:986)
	at org.springframework.web.servlet.mvc.method.annotation.RequestMappingHandlerAdapter.handleInternal(RequestMappingHandlerAdapter.java:891)
	at org.springframework.web.servlet.mvc.method.AbstractHandlerMethodAdapter.handle(AbstractHandlerMethodAdapter.java:87)
	at org.springframework.web.servlet.DispatcherServlet.doDispatch(DispatcherServlet.java:1088)
	at org.springframework.web.servlet.DispatcherServlet.doService(DispatcherServlet.java:978)
	at org.springframework.web.servlet.FrameworkServlet.processRequest(FrameworkServlet.java:1014)
	at org.springframework.web.servlet.FrameworkServlet.doPost(FrameworkServlet.java:914)
	at jakarta.servlet.http.HttpServlet.service(HttpServlet.java:590)
	at org.springframework.web.servlet.FrameworkServlet.service(FrameworkServlet.java:885)
	at jakarta.servlet.http.HttpServlet.service(HttpServlet.java:658)
	at org.apache.catalina.core.ApplicationFilterChain.internalDoFilter(ApplicationFilterChain.java:195)
	at org.apache.catalina.core.ApplicationFilterChain.doFilter(ApplicationFilterChain.java:140)
	at org.apache.tomcat.websocket.server.WsFilter.doFilter(WsFilter.java:51)
	at org.apache.catalina.core.ApplicationFilterChain.internalDoFilter(ApplicationFilterChain.java:164)
	at org.apache.catalina.core.ApplicationFilterChain.doFilter(ApplicationFilterChain.java:140)
	at org.springframework.web.filter.CompositeFilter$VirtualFilterChain.doFilter(CompositeFilter.java:108)
	at org.springframework.security.web.FilterChainProxy.lambda$doFilterInternal$3(FilterChainProxy.java:231)
	at org.springframework.security.web.FilterChainProxy$VirtualFilterChain.doFilter(FilterChainProxy.java:365)
	at org.springframework.security.web.access.intercept.AuthorizationFilter.doFilter(AuthorizationFilter.java:101)
	at org.springframework.security.web.FilterChainProxy$VirtualFilterChain.doFilter(FilterChainProxy.java:374)
	at org.springframework.security.web.access.ExceptionTranslationFilter.doFilter(ExceptionTranslationFilter.java:126)
	at org.springframework.security.web.access.ExceptionTranslationFilter.doFilter(ExceptionTranslationFilter.java:120)
	at org.springframework.security.web.FilterChainProxy$VirtualFilterChain.doFilter(FilterChainProxy.java:374)
	at org.springframework.security.web.authentication.AnonymousAuthenticationFilter.doFilter(AnonymousAuthenticationFilter.java:100)
	at org.springframework.security.web.FilterChainProxy$VirtualFilterChain.doFilter(FilterChainProxy.java:374)
	at org.springframework.security.web.servletapi.SecurityContextHolderAwareRequestFilter.doFilter(SecurityContextHolderAwareRequestFilter.java:179)
	at org.springframework.security.web.FilterChainProxy$VirtualFilterChain.doFilter(FilterChainProxy.java:374)
	at org.springframework.security.web.savedrequest.RequestCacheAwareFilter.doFilter(RequestCacheAwareFilter.java:63)
	at org.springframework.security.web.FilterChainProxy$VirtualFilterChain.doFilter(FilterChainProxy.java:374)
	at org.springframework.security.web.authentication.www.BasicAuthenticationFilter.doFilterInternal(BasicAuthenticationFilter.java:213)
	at org.springframework.web.filter.OncePerRequestFilter.doFilter(OncePerRequestFilter.java:116)
	at org.springframework.security.web.FilterChainProxy$VirtualFilterChain.doFilter(FilterChainProxy.java:374)
	at org.springframework.security.web.authentication.logout.LogoutFilter.doFilter(LogoutFilter.java:107)
	at org.springframework.security.web.authentication.logout.LogoutFilter.doFilter(LogoutFilter.java:93)
	at org.springframework.security.web.FilterChainProxy$VirtualFilterChain.doFilter(FilterChainProxy.java:374)
	at org.springframework.security.web.header.HeaderWriterFilter.doHeadersAfter(HeaderWriterFilter.java:90)
	at org.springframework.security.web.header.HeaderWriterFilter.doFilterInternal(HeaderWriterFilter.java:75)
	at org.springframework.web.filter.OncePerRequestFilter.doFilter(OncePerRequestFilter.java:116)
	at org.springframework.security.web.FilterChainProxy$VirtualFilterChain.doFilter(FilterChainProxy.java:374)
	at org.springframework.security.web.context.SecurityContextHolderFilter.doFilter(SecurityContextHolderFilter.java:82)
	at org.springframework.security.web.context.SecurityContextHolderFilter.doFilter(SecurityContextHolderFilter.java:69)
	at org.springframework.security.web.FilterChainProxy$VirtualFilterChain.doFilter(FilterChainProxy.java:374)
	at org.springframework.security.web.context.request.async.WebAsyncManagerIntegrationFilter.doFilterInternal(WebAsyncManagerIntegrationFilter.java:62)
	at org.springframework.web.filter.OncePerRequestFilter.doFilter(OncePerRequestFilter.java:116)
	at org.springframework.security.web.FilterChainProxy$VirtualFilterChain.doFilter(FilterChainProxy.java:374)
	at org.springframework.security.web.session.DisableEncodeUrlFilter.doFilterInternal(DisableEncodeUrlFilter.java:42)
	at org.springframework.web.filter.OncePerRequestFilter.doFilter(OncePerRequestFilter.java:116)
	at org.springframework.security.web.FilterChainProxy$VirtualFilterChain.doFilter(FilterChainProxy.java:374)
	at org.springframework.security.web.FilterChainProxy.doFilterInternal(FilterChainProxy.java:233)
	at org.springframework.security.web.FilterChainProxy.doFilter(FilterChainProxy.java:191)
	at org.springframework.web.filter.CompositeFilter$VirtualFilterChain.doFilter(CompositeFilter.java:113)
	at org.springframework.web.servlet.handler.HandlerMappingIntrospector.lambda$createCacheFilter$3(HandlerMappingIntrospector.java:243)
	at org.springframework.web.filter.CompositeFilter$VirtualFilterChain.doFilter(CompositeFilter.java:113)
	at org.springframework.web.filter.CompositeFilter.doFilter(CompositeFilter.java:74)
	at org.springframework.security.config.annotation.web.configuration.WebMvcSecurityConfiguration$CompositeFilterChainProxy.doFilter(WebMvcSecurityConfiguration.java:238)
	at org.springframework.web.filter.DelegatingFilterProxy.invokeDelegate(DelegatingFilterProxy.java:362)
	at org.springframework.web.filter.DelegatingFilterProxy.doFilter(DelegatingFilterProxy.java:278)
	at org.apache.catalina.core.ApplicationFilterChain.internalDoFilter(ApplicationFilterChain.java:164)
	at org.apache.catalina.core.ApplicationFilterChain.doFilter(ApplicationFilterChain.java:140)
	at org.springframework.web.filter.RequestContextFilter.doFilterInternal(RequestContextFilter.java:100)
	at org.springframework.web.filter.OncePerRequestFilter.doFilter(OncePerRequestFilter.java:116)
	at org.apache.catalina.core.ApplicationFilterChain.internalDoFilter(ApplicationFilterChain.java:164)
	at org.apache.catalina.core.ApplicationFilterChain.doFilter(ApplicationFilterChain.java:140)
	at org.springframework.web.filter.FormContentFilter.doFilterInternal(FormContentFilter.java:93)
	at org.springframework.web.filter.OncePerRequestFilter.doFilter(OncePerRequestFilter.java:116)
	at org.apache.catalina.core.ApplicationFilterChain.internalDoFilter(ApplicationFilterChain.java:164)
	at org.apache.catalina.core.ApplicationFilterChain.doFilter(ApplicationFilterChain.java:140)
	at org.springframework.web.filter.CharacterEncodingFilter.doFilterInternal(CharacterEncodingFilter.java:201)
	at org.springframework.web.filter.OncePerRequestFilter.doFilter(OncePerRequestFilter.java:116)
	at org.apache.catalina.core.ApplicationFilterChain.internalDoFilter(ApplicationFilterChain.java:164)
	at org.apache.catalina.core.ApplicationFilterChain.doFilter(ApplicationFilterChain.java:140)
	at org.apache.catalina.core.StandardWrapperValve.invoke(StandardWrapperValve.java:167)
	at org.apache.catalina.core.StandardContextValve.invoke(StandardContextValve.java:90)
	at org.apache.catalina.authenticator.AuthenticatorBase.invoke(AuthenticatorBase.java:483)
	at org.apache.catalina.core.StandardHostValve.invoke(StandardHostValve.java:115)
	at org.apache.catalina.valves.ErrorReportValve.invoke(ErrorReportValve.java:93)
	at org.apache.catalina.core.StandardEngineValve.invoke(StandardEngineValve.java:74)
	at org.apache.catalina.connector.CoyoteAdapter.service(CoyoteAdapter.java:344)
	at org.apache.coyote.http11.Http11Processor.service(Http11Processor.java:397)
	at org.apache.coyote.AbstractProcessorLight.process(AbstractProcessorLight.java:63)
	at org.apache.coyote.AbstractProtocol$ConnectionHandler.process(AbstractProtocol.java:905)
	at org.apache.tomcat.util.net.NioEndpoint$SocketProcessor.doRun(NioEndpoint.java:1741)
	at org.apache.tomcat.util.net.SocketProcessorBase.run(SocketProcessorBase.java:52)
	at org.apache.tomcat.util.threads.ThreadPoolExecutor.runWorker(ThreadPoolExecutor.java:1190)
	at org.apache.tomcat.util.threads.ThreadPoolExecutor$Worker.run(ThreadPoolExecutor.java:659)
	at org.apache.tomcat.util.threads.TaskThread$WrappingRunnable.run(TaskThread.java:63)
	at java.base/java.lang.Thread.run(Thread.java:1583)
2025-03-05 22:08:28 [http-nio-8080-exec-7] INFO  c.a.c.location.LocationController - L'ajoute de location commence avec l'email de client/admin : jaqenClient@gmail.com
2025-03-05 22:08:55 [http-nio-8080-exec-9] INFO  c.a.c.utilisateur.ClientController - La suppression ou la désactivation du client commence avec son email : jaqenClient@gmail.com
2025-03-05 22:09:28 [http-nio-8080-exec-10] INFO  c.a.c.utilisateur.ClientController - La récupération de tous les clients commence
2025-03-05 22:11:37 [restartedMain] INFO  com.accenture.Application - Starting Application using Java 21.0.5 with PID 37188 (C:\Users\tianhong.huang\IdeaProjects\location_de_vehicules\target\classes started by tianhong.huang in C:\Users\tianhong.huang\IdeaProjects\location_de_vehicules)
2025-03-05 22:11:37 [restartedMain] DEBUG com.accenture.Application - Running with Spring Boot v3.4.2, Spring v6.2.2
2025-03-05 22:11:37 [restartedMain] INFO  com.accenture.Application - No active profile set, falling back to 1 default profile: "default"
2025-03-05 22:11:47 [restartedMain] INFO  com.accenture.Application - Started Application in 10.518 seconds (process running for 12.765)
2025-03-05 22:12:16 [http-nio-8080-exec-1] INFO  c.a.c.utilisateur.ClientController - La suppression ou la désactivation du client commence avec son email : jaqenClient@gmail.com
2025-03-05 22:13:58 [restartedMain] INFO  com.accenture.Application - Starting Application using Java 21.0.5 with PID 32556 (C:\Users\tianhong.huang\IdeaProjects\location_de_vehicules\target\classes started by tianhong.huang in C:\Users\tianhong.huang\IdeaProjects\location_de_vehicules)
2025-03-05 22:13:58 [restartedMain] DEBUG com.accenture.Application - Running with Spring Boot v3.4.2, Spring v6.2.2
2025-03-05 22:13:58 [restartedMain] INFO  com.accenture.Application - No active profile set, falling back to 1 default profile: "default"
2025-03-05 22:14:06 [restartedMain] INFO  com.accenture.Application - Started Application in 8.985 seconds (process running for 10.18)
2025-03-05 22:14:13 [http-nio-8080-exec-1] INFO  c.a.c.utilisateur.ClientController - La suppression ou la désactivation du client commence avec son email : jaqenClient@gmail.com
2025-03-05 22:15:02 [restartedMain] INFO  com.accenture.Application - Starting Application using Java 21.0.5 with PID 18664 (C:\Users\tianhong.huang\IdeaProjects\location_de_vehicules\target\classes started by tianhong.huang in C:\Users\tianhong.huang\IdeaProjects\location_de_vehicules)
2025-03-05 22:15:02 [restartedMain] DEBUG com.accenture.Application - Running with Spring Boot v3.4.2, Spring v6.2.2
2025-03-05 22:15:02 [restartedMain] INFO  com.accenture.Application - No active profile set, falling back to 1 default profile: "default"
2025-03-05 22:15:11 [restartedMain] INFO  com.accenture.Application - Started Application in 9.584 seconds (process running for 10.864)
2025-03-05 22:15:17 [http-nio-8080-exec-1] INFO  c.a.c.utilisateur.ClientController - La suppression ou la désactivation du client commence avec son email : jaqenClient@gmail.com
2025-03-05 22:17:21 [restartedMain] INFO  com.accenture.Application - Starting Application using Java 21.0.5 with PID 30208 (C:\Users\tianhong.huang\IdeaProjects\location_de_vehicules\target\classes started by tianhong.huang in C:\Users\tianhong.huang\IdeaProjects\location_de_vehicules)
2025-03-05 22:17:21 [restartedMain] DEBUG com.accenture.Application - Running with Spring Boot v3.4.2, Spring v6.2.2
2025-03-05 22:17:21 [restartedMain] INFO  com.accenture.Application - No active profile set, falling back to 1 default profile: "default"
2025-03-05 22:17:31 [restartedMain] INFO  com.accenture.Application - Started Application in 10.385 seconds (process running for 11.886)
2025-03-05 22:18:30 [http-nio-8080-exec-1] INFO  c.a.c.vehicule.MotoController - La suppression de la moto commence avec son id : 3
2025-03-05 22:22:43 [restartedMain] INFO  com.accenture.Application - Starting Application using Java 21.0.5 with PID 29132 (C:\Users\tianhong.huang\IdeaProjects\location_de_vehicules\target\classes started by tianhong.huang in C:\Users\tianhong.huang\IdeaProjects\location_de_vehicules)
2025-03-05 22:22:43 [restartedMain] DEBUG com.accenture.Application - Running with Spring Boot v3.4.2, Spring v6.2.2
2025-03-05 22:22:43 [restartedMain] INFO  com.accenture.Application - No active profile set, falling back to 1 default profile: "default"
2025-03-05 22:22:52 [restartedMain] INFO  com.accenture.Application - Started Application in 9.963 seconds (process running for 11.471)
2025-03-05 22:23:00 [http-nio-8080-exec-1] INFO  c.a.c.vehicule.MotoController - La suppression de la moto commence avec son id : 3
2025-03-05 22:24:52 [restartedMain] INFO  com.accenture.Application - Starting Application using Java 21.0.5 with PID 3880 (C:\Users\tianhong.huang\IdeaProjects\location_de_vehicules\target\classes started by tianhong.huang in C:\Users\tianhong.huang\IdeaProjects\location_de_vehicules)
2025-03-05 22:24:52 [restartedMain] DEBUG com.accenture.Application - Running with Spring Boot v3.4.2, Spring v6.2.2
2025-03-05 22:24:52 [restartedMain] INFO  com.accenture.Application - No active profile set, falling back to 1 default profile: "default"
2025-03-05 22:25:02 [restartedMain] INFO  com.accenture.Application - Started Application in 10.28 seconds (process running for 12.21)
2025-03-05 22:25:32 [http-nio-8080-exec-3] INFO  c.a.c.vehicule.MotoController - La suppression de la moto commence avec son id : 3
2025-03-05 22:34:12 [http-nio-8080-exec-3] INFO  c.a.c.vehicule.VehiculeController - La recherche des véhicules commence avec la catégorie : null, depuis la date : 2025-04-12 jusqu'à la date : 2025-04-14
2025-03-05 22:34:34 [http-nio-8080-exec-1] INFO  c.a.c.vehicule.VehiculeController - La recherche des véhicules commence avec la catégorie : null, depuis la date : 2025-04-24 jusqu'à la date : 2025-04-25
2025-03-05 22:38:11 [restartedMain] INFO  com.accenture.Application - Starting Application using Java 21.0.5 with PID 3880 (C:\Users\tianhong.huang\IdeaProjects\location_de_vehicules\target\classes started by tianhong.huang in C:\Users\tianhong.huang\IdeaProjects\location_de_vehicules)
2025-03-05 22:38:11 [restartedMain] DEBUG com.accenture.Application - Running with Spring Boot v3.4.2, Spring v6.2.2
2025-03-05 22:38:11 [restartedMain] INFO  com.accenture.Application - No active profile set, falling back to 1 default profile: "default"
2025-03-05 22:38:31 [restartedMain] INFO  com.accenture.Application - Starting Application using Java 21.0.5 with PID 3880 (C:\Users\tianhong.huang\IdeaProjects\location_de_vehicules\target\classes started by tianhong.huang in C:\Users\tianhong.huang\IdeaProjects\location_de_vehicules)
2025-03-05 22:38:31 [restartedMain] DEBUG com.accenture.Application - Running with Spring Boot v3.4.2, Spring v6.2.2
2025-03-05 22:38:31 [restartedMain] INFO  com.accenture.Application - No active profile set, falling back to 1 default profile: "default"
2025-03-05 22:40:16 [restartedMain] INFO  com.accenture.Application - Starting Application using Java 21.0.5 with PID 32556 (C:\Users\tianhong.huang\IdeaProjects\location_de_vehicules\target\classes started by tianhong.huang in C:\Users\tianhong.huang\IdeaProjects\location_de_vehicules)
2025-03-05 22:40:16 [restartedMain] DEBUG com.accenture.Application - Running with Spring Boot v3.4.2, Spring v6.2.2
2025-03-05 22:40:16 [restartedMain] INFO  com.accenture.Application - No active profile set, falling back to 1 default profile: "default"
2025-03-05 22:40:25 [restartedMain] INFO  com.accenture.Application - Started Application in 9.395 seconds (process running for 12.199)
2025-03-05 22:41:47 [http-nio-8080-exec-1] ERROR c.a.c.a.ApplicationControllerAdvice - Validation erreur : Validation failed for argument [0] in org.springframework.http.ResponseEntity<java.lang.Void> com.accenture.controller.vehicule.MotoController.ajouter(com.accenture.service.dto.vehicule.MotoRequestDto): [Field error in object 'motoRequestDto' on field 'typeMoto': rejected value [null]; codes [NotNull.motoRequestDto.typeMoto,NotNull.typeMoto,NotNull.com.accenture.model.TypeMoto,NotNull]; arguments [org.springframework.context.support.DefaultMessageSourceResolvable: codes [motoRequestDto.typeMoto,typeMoto]; arguments []; default message [typeMoto]]; default message [Le type est obligatoire]] 
org.springframework.web.bind.MethodArgumentNotValidException: Validation failed for argument [0] in org.springframework.http.ResponseEntity<java.lang.Void> com.accenture.controller.vehicule.MotoController.ajouter(com.accenture.service.dto.vehicule.MotoRequestDto): [Field error in object 'motoRequestDto' on field 'typeMoto': rejected value [null]; codes [NotNull.motoRequestDto.typeMoto,NotNull.typeMoto,NotNull.com.accenture.model.TypeMoto,NotNull]; arguments [org.springframework.context.support.DefaultMessageSourceResolvable: codes [motoRequestDto.typeMoto,typeMoto]; arguments []; default message [typeMoto]]; default message [Le type est obligatoire]] 
	at org.springframework.web.servlet.mvc.method.annotation.RequestResponseBodyMethodProcessor.resolveArgument(RequestResponseBodyMethodProcessor.java:159)
	at org.springframework.web.method.support.HandlerMethodArgumentResolverComposite.resolveArgument(HandlerMethodArgumentResolverComposite.java:122)
	at org.springframework.web.method.support.InvocableHandlerMethod.getMethodArgumentValues(InvocableHandlerMethod.java:226)
	at org.springframework.web.method.support.InvocableHandlerMethod.invokeForRequest(InvocableHandlerMethod.java:180)
	at org.springframework.web.servlet.mvc.method.annotation.ServletInvocableHandlerMethod.invokeAndHandle(ServletInvocableHandlerMethod.java:118)
	at org.springframework.web.servlet.mvc.method.annotation.RequestMappingHandlerAdapter.invokeHandlerMethod(RequestMappingHandlerAdapter.java:986)
	at org.springframework.web.servlet.mvc.method.annotation.RequestMappingHandlerAdapter.handleInternal(RequestMappingHandlerAdapter.java:891)
	at org.springframework.web.servlet.mvc.method.AbstractHandlerMethodAdapter.handle(AbstractHandlerMethodAdapter.java:87)
	at org.springframework.web.servlet.DispatcherServlet.doDispatch(DispatcherServlet.java:1088)
	at org.springframework.web.servlet.DispatcherServlet.doService(DispatcherServlet.java:978)
	at org.springframework.web.servlet.FrameworkServlet.processRequest(FrameworkServlet.java:1014)
	at org.springframework.web.servlet.FrameworkServlet.doPost(FrameworkServlet.java:914)
	at jakarta.servlet.http.HttpServlet.service(HttpServlet.java:590)
	at org.springframework.web.servlet.FrameworkServlet.service(FrameworkServlet.java:885)
	at jakarta.servlet.http.HttpServlet.service(HttpServlet.java:658)
	at org.apache.catalina.core.ApplicationFilterChain.internalDoFilter(ApplicationFilterChain.java:195)
	at org.apache.catalina.core.ApplicationFilterChain.doFilter(ApplicationFilterChain.java:140)
	at org.apache.tomcat.websocket.server.WsFilter.doFilter(WsFilter.java:51)
	at org.apache.catalina.core.ApplicationFilterChain.internalDoFilter(ApplicationFilterChain.java:164)
	at org.apache.catalina.core.ApplicationFilterChain.doFilter(ApplicationFilterChain.java:140)
	at org.springframework.web.filter.CompositeFilter$VirtualFilterChain.doFilter(CompositeFilter.java:108)
	at org.springframework.security.web.FilterChainProxy.lambda$doFilterInternal$3(FilterChainProxy.java:231)
	at org.springframework.security.web.FilterChainProxy$VirtualFilterChain.doFilter(FilterChainProxy.java:365)
	at org.springframework.security.web.access.intercept.AuthorizationFilter.doFilter(AuthorizationFilter.java:101)
	at org.springframework.security.web.FilterChainProxy$VirtualFilterChain.doFilter(FilterChainProxy.java:374)
	at org.springframework.security.web.access.ExceptionTranslationFilter.doFilter(ExceptionTranslationFilter.java:126)
	at org.springframework.security.web.access.ExceptionTranslationFilter.doFilter(ExceptionTranslationFilter.java:120)
	at org.springframework.security.web.FilterChainProxy$VirtualFilterChain.doFilter(FilterChainProxy.java:374)
	at org.springframework.security.web.authentication.AnonymousAuthenticationFilter.doFilter(AnonymousAuthenticationFilter.java:100)
	at org.springframework.security.web.FilterChainProxy$VirtualFilterChain.doFilter(FilterChainProxy.java:374)
	at org.springframework.security.web.servletapi.SecurityContextHolderAwareRequestFilter.doFilter(SecurityContextHolderAwareRequestFilter.java:179)
	at org.springframework.security.web.FilterChainProxy$VirtualFilterChain.doFilter(FilterChainProxy.java:374)
	at org.springframework.security.web.savedrequest.RequestCacheAwareFilter.doFilter(RequestCacheAwareFilter.java:63)
	at org.springframework.security.web.FilterChainProxy$VirtualFilterChain.doFilter(FilterChainProxy.java:374)
	at org.springframework.security.web.authentication.www.BasicAuthenticationFilter.doFilterInternal(BasicAuthenticationFilter.java:213)
	at org.springframework.web.filter.OncePerRequestFilter.doFilter(OncePerRequestFilter.java:116)
	at org.springframework.security.web.FilterChainProxy$VirtualFilterChain.doFilter(FilterChainProxy.java:374)
	at org.springframework.security.web.authentication.logout.LogoutFilter.doFilter(LogoutFilter.java:107)
	at org.springframework.security.web.authentication.logout.LogoutFilter.doFilter(LogoutFilter.java:93)
	at org.springframework.security.web.FilterChainProxy$VirtualFilterChain.doFilter(FilterChainProxy.java:374)
	at org.springframework.security.web.header.HeaderWriterFilter.doHeadersAfter(HeaderWriterFilter.java:90)
	at org.springframework.security.web.header.HeaderWriterFilter.doFilterInternal(HeaderWriterFilter.java:75)
	at org.springframework.web.filter.OncePerRequestFilter.doFilter(OncePerRequestFilter.java:116)
	at org.springframework.security.web.FilterChainProxy$VirtualFilterChain.doFilter(FilterChainProxy.java:374)
	at org.springframework.security.web.context.SecurityContextHolderFilter.doFilter(SecurityContextHolderFilter.java:82)
	at org.springframework.security.web.context.SecurityContextHolderFilter.doFilter(SecurityContextHolderFilter.java:69)
	at org.springframework.security.web.FilterChainProxy$VirtualFilterChain.doFilter(FilterChainProxy.java:374)
	at org.springframework.security.web.context.request.async.WebAsyncManagerIntegrationFilter.doFilterInternal(WebAsyncManagerIntegrationFilter.java:62)
	at org.springframework.web.filter.OncePerRequestFilter.doFilter(OncePerRequestFilter.java:116)
	at org.springframework.security.web.FilterChainProxy$VirtualFilterChain.doFilter(FilterChainProxy.java:374)
	at org.springframework.security.web.session.DisableEncodeUrlFilter.doFilterInternal(DisableEncodeUrlFilter.java:42)
	at org.springframework.web.filter.OncePerRequestFilter.doFilter(OncePerRequestFilter.java:116)
	at org.springframework.security.web.FilterChainProxy$VirtualFilterChain.doFilter(FilterChainProxy.java:374)
	at org.springframework.security.web.FilterChainProxy.doFilterInternal(FilterChainProxy.java:233)
	at org.springframework.security.web.FilterChainProxy.doFilter(FilterChainProxy.java:191)
	at org.springframework.web.filter.CompositeFilter$VirtualFilterChain.doFilter(CompositeFilter.java:113)
	at org.springframework.web.servlet.handler.HandlerMappingIntrospector.lambda$createCacheFilter$3(HandlerMappingIntrospector.java:243)
	at org.springframework.web.filter.CompositeFilter$VirtualFilterChain.doFilter(CompositeFilter.java:113)
	at org.springframework.web.filter.CompositeFilter.doFilter(CompositeFilter.java:74)
	at org.springframework.security.config.annotation.web.configuration.WebMvcSecurityConfiguration$CompositeFilterChainProxy.doFilter(WebMvcSecurityConfiguration.java:238)
	at org.springframework.web.filter.DelegatingFilterProxy.invokeDelegate(DelegatingFilterProxy.java:362)
	at org.springframework.web.filter.DelegatingFilterProxy.doFilter(DelegatingFilterProxy.java:278)
	at org.apache.catalina.core.ApplicationFilterChain.internalDoFilter(ApplicationFilterChain.java:164)
	at org.apache.catalina.core.ApplicationFilterChain.doFilter(ApplicationFilterChain.java:140)
	at org.springframework.web.filter.RequestContextFilter.doFilterInternal(RequestContextFilter.java:100)
	at org.springframework.web.filter.OncePerRequestFilter.doFilter(OncePerRequestFilter.java:116)
	at org.apache.catalina.core.ApplicationFilterChain.internalDoFilter(ApplicationFilterChain.java:164)
	at org.apache.catalina.core.ApplicationFilterChain.doFilter(ApplicationFilterChain.java:140)
	at org.springframework.web.filter.FormContentFilter.doFilterInternal(FormContentFilter.java:93)
	at org.springframework.web.filter.OncePerRequestFilter.doFilter(OncePerRequestFilter.java:116)
	at org.apache.catalina.core.ApplicationFilterChain.internalDoFilter(ApplicationFilterChain.java:164)
	at org.apache.catalina.core.ApplicationFilterChain.doFilter(ApplicationFilterChain.java:140)
	at org.springframework.web.filter.CharacterEncodingFilter.doFilterInternal(CharacterEncodingFilter.java:201)
	at org.springframework.web.filter.OncePerRequestFilter.doFilter(OncePerRequestFilter.java:116)
	at org.apache.catalina.core.ApplicationFilterChain.internalDoFilter(ApplicationFilterChain.java:164)
	at org.apache.catalina.core.ApplicationFilterChain.doFilter(ApplicationFilterChain.java:140)
	at org.apache.catalina.core.StandardWrapperValve.invoke(StandardWrapperValve.java:167)
	at org.apache.catalina.core.StandardContextValve.invoke(StandardContextValve.java:90)
	at org.apache.catalina.authenticator.AuthenticatorBase.invoke(AuthenticatorBase.java:483)
	at org.apache.catalina.core.StandardHostValve.invoke(StandardHostValve.java:115)
	at org.apache.catalina.valves.ErrorReportValve.invoke(ErrorReportValve.java:93)
	at org.apache.catalina.core.StandardEngineValve.invoke(StandardEngineValve.java:74)
	at org.apache.catalina.connector.CoyoteAdapter.service(CoyoteAdapter.java:344)
	at org.apache.coyote.http11.Http11Processor.service(Http11Processor.java:397)
	at org.apache.coyote.AbstractProcessorLight.process(AbstractProcessorLight.java:63)
	at org.apache.coyote.AbstractProtocol$ConnectionHandler.process(AbstractProtocol.java:905)
	at org.apache.tomcat.util.net.NioEndpoint$SocketProcessor.doRun(NioEndpoint.java:1741)
	at org.apache.tomcat.util.net.SocketProcessorBase.run(SocketProcessorBase.java:52)
	at org.apache.tomcat.util.threads.ThreadPoolExecutor.runWorker(ThreadPoolExecutor.java:1190)
	at org.apache.tomcat.util.threads.ThreadPoolExecutor$Worker.run(ThreadPoolExecutor.java:659)
	at org.apache.tomcat.util.threads.TaskThread$WrappingRunnable.run(TaskThread.java:63)
	at java.base/java.lang.Thread.run(Thread.java:1583)
2025-03-05 22:42:26 [http-nio-8080-exec-5] INFO  c.a.c.vehicule.MotoController - L'ajoute de la moto commence avec sa marque : Wong Wong
2025-03-05 22:42:33 [http-nio-8080-exec-6] INFO  c.a.c.vehicule.MotoController - La récupération de toutes les motos commence
2025-03-05 22:43:45 [restartedMain] INFO  com.accenture.Application - Starting Application using Java 21.0.5 with PID 32556 (C:\Users\tianhong.huang\IdeaProjects\location_de_vehicules\target\classes started by tianhong.huang in C:\Users\tianhong.huang\IdeaProjects\location_de_vehicules)
2025-03-05 22:43:45 [restartedMain] DEBUG com.accenture.Application - Running with Spring Boot v3.4.2, Spring v6.2.2
2025-03-05 22:43:45 [restartedMain] INFO  com.accenture.Application - No active profile set, falling back to 1 default profile: "default"
2025-03-05 22:43:46 [restartedMain] INFO  com.accenture.Application - Started Application in 1.132 seconds (process running for 212.829)
2025-03-05 22:43:47 [restartedMain] INFO  com.accenture.Application - Starting Application using Java 21.0.5 with PID 32556 (C:\Users\tianhong.huang\IdeaProjects\location_de_vehicules\target\classes started by tianhong.huang in C:\Users\tianhong.huang\IdeaProjects\location_de_vehicules)
2025-03-05 22:43:47 [restartedMain] DEBUG com.accenture.Application - Running with Spring Boot v3.4.2, Spring v6.2.2
2025-03-05 22:43:47 [restartedMain] INFO  com.accenture.Application - No active profile set, falling back to 1 default profile: "default"
2025-03-05 22:43:49 [restartedMain] INFO  com.accenture.Application - Started Application in 1.456 seconds (process running for 215.785)
2025-03-05 22:43:58 [restartedMain] INFO  com.accenture.Application - Starting Application using Java 21.0.5 with PID 32556 (C:\Users\tianhong.huang\IdeaProjects\location_de_vehicules\target\classes started by tianhong.huang in C:\Users\tianhong.huang\IdeaProjects\location_de_vehicules)
2025-03-05 22:43:58 [restartedMain] DEBUG com.accenture.Application - Running with Spring Boot v3.4.2, Spring v6.2.2
2025-03-05 22:43:58 [restartedMain] INFO  com.accenture.Application - No active profile set, falling back to 1 default profile: "default"
2025-03-05 22:44:01 [restartedMain] INFO  com.accenture.Application - Started Application in 2.901 seconds (process running for 228.129)
2025-03-05 22:44:44 [restartedMain] INFO  com.accenture.Application - Starting Application using Java 21.0.5 with PID 32556 (C:\Users\tianhong.huang\IdeaProjects\location_de_vehicules\target\classes started by tianhong.huang in C:\Users\tianhong.huang\IdeaProjects\location_de_vehicules)
2025-03-05 22:44:44 [restartedMain] DEBUG com.accenture.Application - Running with Spring Boot v3.4.2, Spring v6.2.2
2025-03-05 22:44:44 [restartedMain] INFO  com.accenture.Application - No active profile set, falling back to 1 default profile: "default"
2025-03-05 22:44:45 [restartedMain] INFO  com.accenture.Application - Started Application in 0.965 seconds (process running for 271.954)
2025-03-05 22:44:51 [restartedMain] INFO  com.accenture.Application - Starting Application using Java 21.0.5 with PID 32556 (C:\Users\tianhong.huang\IdeaProjects\location_de_vehicules\target\classes started by tianhong.huang in C:\Users\tianhong.huang\IdeaProjects\location_de_vehicules)
2025-03-05 22:44:51 [restartedMain] DEBUG com.accenture.Application - Running with Spring Boot v3.4.2, Spring v6.2.2
2025-03-05 22:44:51 [restartedMain] INFO  com.accenture.Application - No active profile set, falling back to 1 default profile: "default"
2025-03-05 22:44:53 [restartedMain] INFO  com.accenture.Application - Started Application in 2.312 seconds (process running for 280.356)
2025-03-05 22:45:45 [restartedMain] INFO  com.accenture.Application - Starting Application using Java 21.0.5 with PID 35804 (C:\Users\tianhong.huang\IdeaProjects\location_de_vehicules\target\classes started by tianhong.huang in C:\Users\tianhong.huang\IdeaProjects\location_de_vehicules)
2025-03-05 22:45:45 [restartedMain] DEBUG com.accenture.Application - Running with Spring Boot v3.4.2, Spring v6.2.2
2025-03-05 22:45:45 [restartedMain] INFO  com.accenture.Application - No active profile set, falling back to 1 default profile: "default"
2025-03-05 22:45:55 [restartedMain] INFO  com.accenture.Application - Started Application in 9.805 seconds (process running for 11.059)
2025-03-05 22:46:00 [http-nio-8080-exec-4] INFO  c.a.c.vehicule.MotoController - La récupération de toutes les motos commence
2025-03-05 22:46:06 [http-nio-8080-exec-5] INFO  c.a.c.vehicule.MotoController - L'ajoute de la moto commence avec sa marque : Wong Wong
2025-03-05 22:46:10 [http-nio-8080-exec-6] INFO  c.a.c.vehicule.MotoController - La récupération de toutes les motos commence
2025-03-05 23:07:55 [restartedMain] INFO  com.accenture.Application - Starting Application using Java 21.0.5 with PID 14124 (C:\Users\tianhong.huang\IdeaProjects\location_de_vehicules\target\classes started by tianhong.huang in C:\Users\tianhong.huang\IdeaProjects\location_de_vehicules)
2025-03-05 23:07:55 [restartedMain] DEBUG com.accenture.Application - Running with Spring Boot v3.4.2, Spring v6.2.2
2025-03-05 23:07:55 [restartedMain] INFO  com.accenture.Application - No active profile set, falling back to 1 default profile: "default"
2025-03-05 23:08:06 [restartedMain] INFO  com.accenture.Application - Started Application in 12.378 seconds (process running for 14.991)
